2026-07-24 INFO Server Started
2026-07-24 INFO User Login
2026-07-24 ERROR Connection timed out
2026-07-24 ERROR Connection timed out
2026-07-24 ERROR File not found
2026-07-24 Failed Login Attempt
2026-07-24 INFO Docker Started
2026-07-24 CRITICAL Disk Space Low
2026-07-24 ERROR Permission denied
2026-07-24 CRITICAL Database Connection Lost
2026-07-24 INFO Backup Completed
2026-07-24 ERROR File not found
2026-07-24 ERROR Connection timed out
2026-07-24 INFO Server Started
2026-07-24 INFO User Login
2026-07-24 ERROR Connection timed out
2026-07-24 ERROR Connection timed out
2026-07-24 ERROR File not found
2026-07-24 Failed Login Attempt
2026-07-24 INFO Docker Started
2026-07-24 CRITICAL Disk Space Low
2026-07-24 ERROR Permission denied
2026-07-24 CRITICAL Database Connection Lost
2026-07-24 INFO Backup Completed
2026-07-24 ERROR File not found
2026-07-24 ERROR Connection timed out
2026-07-24 INFO Server Started
2026-07-24 INFO User2023-11-15 INFO Server Started
2023-12-01 INFO User Login
2024-01-10 ERROR Connection timed out
2024-02-18 ERROR Connection timed out
2024-03-25 ERROR File not found
2024-04-09 WARN Failed Login Attempt
2024-05-14 INFO Docker Started
2024-06-22 CRITICAL Disk Space Low
2024-07-30 ERROR Permission denied
2024-08-11 CRITICAL Database Connection Lost
2025-01-05 INFO Backup Completed
2025-02-17 ERROR File not found
2025-03-28 ERROR Connection timed out
2025-04-12 INFO Nginx Service Started
2025-05-19 WARN High CPU Usage
2025-06-24 INFO Kubernetes Pod Created
2025-07-07 ERROR SSL Certificate Expired
2025-08-15 INFO Jenkins Build Successful
2026-01-20 CRITICAL Memory Usage Exceeded
2026-07-24 INFO System Health Check Completed Login
2023-11-15 INFO Server Started
2023-12-01 INFO User Login
2024-01-10 ERROR Connection timed out
2024-02-18 ERROR Connection timed out
2024-03-25 ERROR File not found
2024-04-09 WARN Failed Login Attempt
2024-05-14 INFO Docker Started
2024-06-22 CRITICAL Disk Space Low
2024-07-30 ERROR Permission denied
2024-08-11 CRITICAL Database Connection Lost
2025-01-05 INFO Backup Completed
2025-02-17 ERROR File not found
2025-03-28 ERROR Connection timed out
2025-04-12 INFO Nginx Service Started
2025-05-19 WARN High CPU Usage
2025-06-24 INFO Kubernetes Pod Created
2025-07-07 ERROR SSL Certificate Expired
2025-08-15 INFO Jenkins Build Successful
2026-01-20 CRITICAL Memory Usage Exceeded
2026-07-24 INFO System Health Check Completed
